// Jest Snapshot v1, https://goo.gl/fbAQLP

exports[`Todo should render test todo 1`] = `
<div
  className="todo"
>
  <input
    checked={false}
    onChange={[Function]}
    type="checkbox"
  />
  Test title
   : 
  false
</div>
`;
